Usando as configurações de inicialização de src\RoadmApp.Api\Properties\launchSettings.json...
Compilando...
info: Microsoft.Hosting.Lifetime[14]
      Now listening on: http://localhost:5122
info: Microsoft.Hosting.Lifetime[0]
      Application started. Press Ctrl+C to shut down.
info: Microsoft.Hosting.Lifetime[0]
      Hosting environment: Development
info: Microsoft.Hosting.Lifetime[0]
      Content root path: C:\Projetos\dev\github-repos\saas\financeiro\WebSistem\angular\primeiro-angular\backend\src\RoadmApp.Api
warn: Microsoft.AspNetCore.HttpsPolicy.HttpsRedirectionMiddleware[3]
      Failed to determine the https port for redirect.
info: Microsoft.EntityFrameworkCore.Database.Command[20101]
      Executed DbCommand (37ms) [Parameters=[@p0='?' (DbType = Guid), @p1='?' (DbType = DateTime), @p2='?' (Size = 27), @p3='?' (DbType = Date), @p4='?' (Size = 10), @p5='?' (Size = 15), @p6='?' (DbType = DateTime), @p7='?' (DbType = Guid)], CommandType='Text', CommandTimeout='30']
      INSERT INTO "Tasks" ("Id", "CreatedAt", "Description", "DueDate", "Status", "Title", "UpdatedAt", "UserId")
      VALUES (@p0, @p1, @p2, @p3, @p4, @p5, @p6, @p7);
info: Microsoft.EntityFrameworkCore.Database.Command[20101]
      Executed DbCommand (1ms) [Parameters=[@__userId_0='?' (DbType = Guid)], CommandType='Text', CommandTimeout='30']
      SELECT "t"."Id", "t"."CreatedAt", "t"."Description", "t"."DueDate", "t"."Status", "t"."Title", "t"."UpdatedAt", "t"."UserId"
      FROM "Tasks" AS "t"
      WHERE "t"."UserId" = @__userId_0
      ORDER BY "t"."DueDate", "t"."CreatedAt" DESC
info: Microsoft.EntityFrameworkCore.Database.Command[20101]
      Executed DbCommand (0ms) [Parameters=[@__userId_0='?' (DbType = Guid)], CommandType='Text', CommandTimeout='30']
      SELECT "h"."Id", "h"."CreatedAt", "h"."Frequency", "h"."Status", "h"."TargetCount", "h"."Title", "h"."UpdatedAt", "h"."UserId"
      FROM "Habits" AS "h"
      WHERE "h"."UserId" = @__userId_0
      ORDER BY "h"."CreatedAt" DESC
info: Microsoft.EntityFrameworkCore.Database.Command[20101]
      Executed DbCommand (0ms) [Parameters=[@__userId_0='?' (DbType = Guid)], CommandType='Text', CommandTimeout='30']
      SELECT "g"."Id", "g"."CreatedAt", "g"."Description", "g"."Status", "g"."TargetDate", "g"."Title", "g"."UpdatedAt", "g"."UserId"
      FROM "Goals" AS "g"
      WHERE "g"."UserId" = @__userId_0
      ORDER BY "g"."TargetDate", "g"."CreatedAt" DESC
info: Microsoft.EntityFrameworkCore.Database.Command[20101]
      Executed DbCommand (0ms) [Parameters=[@__userId_0='?' (DbType = Guid)], CommandType='Text', CommandTimeout='30']
      SELECT "n"."Id", "n"."Content", "n"."CreatedAt", "n"."Title", "n"."UpdatedAt", "n"."UserId"
      FROM "Notes" AS "n"
      WHERE "n"."UserId" = @__userId_0
      ORDER BY "n"."CreatedAt" DESC
